_req START: GET https://api.netlify.com/api/v1/user
_req OK: GET https://api.netlify.com/api/v1/user -> len 1422
_req START: GET https://api.netlify.com/api/v1/6862df1a6b89c29e903c4f0e/sites
_req OK: GET https://api.netlify.com/api/v1/6862df1a6b89c29e903c4f0e/sites -> len 50897
_req START: POST https://api.netlify.com/api/v1/sites/f3577b3e-4b8e-4ee2-b826-45a5981d24a3/deploys
_req OK: POST https://api.netlify.com/api/v1/sites/f3577b3e-4b8e-4ee2-b826-45a5981d24a3/deploys -> len 1879
_req START: GET https://api.netlify.com/api/v1/deploys/6a6dab9a8672bf3649b9bf19
_req OK: GET https://api.netlify.com/api/v1/deploys/6a6dab9a8672bf3649b9bf19 -> len 2914
_req START: GET https://api.netlify.com/api/v1/user
_req OK: GET https://api.netlify.com/api/v1/user -> len 1422
_req START: GET https://api.netlify.com/api/v1/6862df1a6b89c29e903c4f0e/sites
_req OK: GET https://api.netlify.com/api/v1/6862df1a6b89c29e903c4f0e/sites -> len 50897
_req START: POST https://api.netlify.com/api/v1/sites/f3577b3e-4b8e-4ee2-b826-45a5981d24a3/deploys
_req OK: POST https://api.netlify.com/api/v1/sites/f3577b3e-4b8e-4ee2-b826-45a5981d24a3/deploys -> len 1879
_req START: GET https://api.netlify.com/api/v1/deploys/6a6daec93bcb0e4251b06eb9
_req OK: GET https://api.netlify.com/api/v1/deploys/6a6daec93bcb0e4251b06eb9 -> len 2894
_req START: GET https://api.netlify.com/api/v1/user
_req OK: GET https://api.netlify.com/api/v1/user -> len 1422
_req START: GET https://api.netlify.com/api/v1/6862df1a6b89c29e903c4f0e/sites
_req OK: GET https://api.netlify.com/api/v1/6862df1a6b89c29e903c4f0e/sites -> len 50695
_req START: POST https://api.netlify.com/api/v1/sites/f3577b3e-4b8e-4ee2-b826-45a5981d24a3/deploys
_req OK: POST https://api.netlify.com/api/v1/sites/f3577b3e-4b8e-4ee2-b826-45a5981d24a3/deploys -> len 1879
_req START: GET https://api.netlify.com/api/v1/deploys/6a6dafd9c0c9f9256693a19a
_req OK: GET https://api.netlify.com/api/v1/deploys/6a6dafd9c0c9f9256693a19a -> len 1927
_req START: GET https://api.netlify.com/api/v1/deploys/6a6dafd9c0c9f9256693a19a
_req OK: GET https://api.netlify.com/api/v1/deploys/6a6dafd9c0c9f9256693a19a -> len 3281
_req START: GET https://api.netlify.com/api/v1/user
_req OK: GET https://api.netlify.com/api/v1/user -> len 1422
_req START: GET https://api.netlify.com/api/v1/6862df1a6b89c29e903c4f0e/sites
_req OK: GET https://api.netlify.com/api/v1/6862df1a6b89c29e903c4f0e/sites -> len 50897
_req START: GET https://api.netlify.com/api/v1/sites?filter=all
_req OK: GET https://api.netlify.com/api/v1/sites?filter=all -> len 50897
_req START: POST https://api.netlify.com/api/v1/6862df1a6b89c29e903c4f0e/sites
_req OK: POST https://api.netlify.com/api/v1/6862df1a6b89c29e903c4f0e/sites -> len 2899
_req START: POST https://api.netlify.com/api/v1/sites/c7e1c4db-a07b-4c91-ba97-37ba730a425f/deploys
_req OK: POST https://api.netlify.com/api/v1/sites/c7e1c4db-a07b-4c91-ba97-37ba730a425f/deploys -> len 1847
_req START: GET https://api.netlify.com/api/v1/deploys/6a6db3896ede00eed3efab8a
_req OK: GET https://api.netlify.com/api/v1/deploys/6a6db3896ede00eed3efab8a -> len 2892
_req START: GET https://api.netlify.com/api/v1/user
_req OK: GET https://api.netlify.com/api/v1/user -> len 1422
_req START: GET https://api.netlify.com/api/v1/6862df1a6b89c29e903c4f0e/sites
_req OK: GET https://api.netlify.com/api/v1/6862df1a6b89c29e903c4f0e/sites -> len 55678
_req START: POST https://api.netlify.com/api/v1/sites/c7e1c4db-a07b-4c91-ba97-37ba730a425f/deploys
_req OK: POST https://api.netlify.com/api/v1/sites/c7e1c4db-a07b-4c91-ba97-37ba730a425f/deploys -> len 1847
_req START: GET https://api.netlify.com/api/v1/deploys/6a6db3905584bad96eaf7ae9
_req OK: GET https://api.netlify.com/api/v1/deploys/6a6db3905584bad96eaf7ae9 -> len 2892
_req START: GET https://api.netlify.com/api/v1/user
_req OK: GET https://api.netlify.com/api/v1/user -> len 1422
_req START: GET https://api.netlify.com/api/v1/6862df1a6b89c29e903c4f0e/sites
_req OK: GET https://api.netlify.com/api/v1/6862df1a6b89c29e903c4f0e/sites -> len 55880
_req START: GET https://api.netlify.com/api/v1/sites?filter=all
_req OK: GET https://api.netlify.com/api/v1/sites?filter=all -> len 55880
_req START: POST https://api.netlify.com/api/v1/6862df1a6b89c29e903c4f0e/sites
_req OK: POST https://api.netlify.com/api/v1/6862df1a6b89c29e903c4f0e/sites -> len 2947
_req START: POST https://api.netlify.com/api/v1/sites/35c43d5a-8530-4af9-8450-abc5c4641fea/deploys
_req OK: POST https://api.netlify.com/api/v1/sites/35c43d5a-8530-4af9-8450-abc5c4641fea/deploys -> len 1911
_req START: GET https://api.netlify.com/api/v1/deploys/6a6db5f041c5060b58e4a634
_req OK: GET https://api.netlify.com/api/v1/deploys/6a6db5f041c5060b58e4a634 -> len 1959
_req START: GET https://api.netlify.com/api/v1/deploys/6a6db5f041c5060b58e4a634
_req OK: GET https://api.netlify.com/api/v1/deploys/6a6db5f041c5060b58e4a634 -> len 3290
_req START: GET https://api.netlify.com/api/v1/user
_req OK: GET https://api.netlify.com/api/v1/user -> len 1422
_req START: GET https://api.netlify.com/api/v1/6862df1a6b89c29e903c4f0e/sites
_req OK: GET https://api.netlify.com/api/v1/6862df1a6b89c29e903c4f0e/sites -> len 60773
_req START: POST https://api.netlify.com/api/v1/sites/35c43d5a-8530-4af9-8450-abc5c4641fea/deploys
_req OK: POST https://api.netlify.com/api/v1/sites/35c43d5a-8530-4af9-8450-abc5c4641fea/deploys -> len 1911
_req START: GET https://api.netlify.com/api/v1/deploys/6a6db5fb46f71187778929b9
_req OK: GET https://api.netlify.com/api/v1/deploys/6a6db5fb46f71187778929b9 -> len 1959
_req START: GET https://api.netlify.com/api/v1/deploys/6a6db5fb46f71187778929b9
_req OK: GET https://api.netlify.com/api/v1/deploys/6a6db5fb46f71187778929b9 -> len 3290
_req START: GET https://api.netlify.com/api/v1/user
_req OK: GET https://api.netlify.com/api/v1/user -> len 1422
_req START: GET https://api.netlify.com/api/v1/6862df1a6b89c29e903c4f0e/sites
_req OK: GET https://api.netlify.com/api/v1/6862df1a6b89c29e903c4f0e/sites -> len 60975
_req START: GET https://api.netlify.com/api/v1/sites?filter=all
_req OK: GET https://api.netlify.com/api/v1/sites?filter=all -> len 60975
_req START: POST https://api.netlify.com/api/v1/6862df1a6b89c29e903c4f0e/sites
_req OK: POST https://api.netlify.com/api/v1/6862df1a6b89c29e903c4f0e/sites -> len 2905
_req START: POST https://api.netlify.com/api/v1/sites/1942777a-2782-472d-bf3a-0c2a79981e71/deploys
_req OK: POST https://api.netlify.com/api/v1/sites/1942777a-2782-472d-bf3a-0c2a79981e71/deploys -> len 1855
_req START: GET https://api.netlify.com/api/v1/deploys/6a6db8bdfba71c93ae08609b
_req OK: GET https://api.netlify.com/api/v1/deploys/6a6db8bdfba71c93ae08609b -> len 3000
_req START: GET https://api.netlify.com/api/v1/user
_req OK: GET https://api.netlify.com/api/v1/user -> len 1422
_req START: GET https://api.netlify.com/api/v1/6862df1a6b89c29e903c4f0e/sites
_req OK: GET https://api.netlify.com/api/v1/6862df1a6b89c29e903c4f0e/sites -> len 65972
_req START: POST https://api.netlify.com/api/v1/sites/1942777a-2782-472d-bf3a-0c2a79981e71/deploys
_req OK: POST https://api.netlify.com/api/v1/sites/1942777a-2782-472d-bf3a-0c2a79981e71/deploys -> len 1855
_req START: GET https://api.netlify.com/api/v1/deploys/6a6dc2496ede003b78efacb8
_req OK: GET https://api.netlify.com/api/v1/deploys/6a6dc2496ede003b78efacb8 -> len 2874
_req START: GET https://api.netlify.com/api/v1/user
_req OK: GET https://api.netlify.com/api/v1/user -> len 1422
_req START: GET https://api.netlify.com/api/v1/6862df1a6b89c29e903c4f0e/sites
_req OK: GET https://api.netlify.com/api/v1/6862df1a6b89c29e903c4f0e/sites -> len 65972
_req START: POST https://api.netlify.com/api/v1/sites/1942777a-2782-472d-bf3a-0c2a79981e71/deploys
_req OK: POST https://api.netlify.com/api/v1/sites/1942777a-2782-472d-bf3a-0c2a79981e71/deploys -> len 1855
_req START: GET https://api.netlify.com/api/v1/deploys/6a6dcc1900dc7cb30cfd02fd
_req OK: GET https://api.netlify.com/api/v1/deploys/6a6dcc1900dc7cb30cfd02fd -> len 2874
_req START: GET https://api.netlify.com/api/v1/user
_req OK: GET https://api.netlify.com/api/v1/user -> len 1422
_req START: GET https://api.netlify.com/api/v1/6862df1a6b89c29e903c4f0e/sites
_req OK: GET https://api.netlify.com/api/v1/6862df1a6b89c29e903c4f0e/sites -> len 65972
_req START: POST https://api.netlify.com/api/v1/sites/1942777a-2782-472d-bf3a-0c2a79981e71/deploys
_req OK: POST https://api.netlify.com/api/v1/sites/1942777a-2782-472d-bf3a-0c2a79981e71/deploys -> len 1855
_req START: GET https://api.netlify.com/api/v1/deploys/6a6dd1ca3bcb0ef94cb06ee8
_req OK: GET https://api.netlify.com/api/v1/deploys/6a6dd1ca3bcb0ef94cb06ee8 -> len 2874
